BMASSYPART                     BMPARTREF                      BMPARTNUM                      BMREV BMPARTREV BMQTYREQD                               BMUNITS BMCONVERSION                            BMSEQUENCE BMESTCOST                               BMTYPE BMADDER                                 BMPURCONV                               BMREFERENCE      BMSETUP                                 BMPHANTOM BMCOMT                                                                                                                                                                                                                                                           BMESTLABOR                              BMESTLABOROH                            BMESTMATERIAL                           BMESTMATERIALBRD                        BMSPARE BMPICKAT
------------------------------ ------------------------------ ------------------------------ ----- --------- --------------------------------------- ------- --------------------------------------- ---------- --------------------------------------- ------ --------------------------------------- --------------------------------------- ---------------- --------------------------------------- --------- ---------------------------------------------------------------------------------------------------------------------------------------------------------------------------------------------------------------------------------------------------------------- --------------------------------------- --------------------------------------- --------------------------------------- --------------------------------------- ------- -----------
.032TEFLONSHEETETCHED          EXA2024DBAC1515562X144.00      EXA-2024D-BAC1515-562X144.00                   0.6800                                  LF      0.0000                                  0          0.0000                                  0      0.0000                                  0.0000                                                   0.0000                                  0                                                                                                                                                                                                                                                                          0.0000                                  0.0000                                  0.0000                                  0.0000                                          1
.710LB                         NULL                           NULL                                           1.0000                                  EA      0.0000                                  0          0.0000                                  0      0.0000                                  0.0000                                                   0.0000                                  0                                                                                                                                                                                                                                                                          0.0000                                  0.0000                                  0.0000                                  0.0000                                          1
.781LB                         EXA7075JAND101330702X144.00    EXA-7075J-AND10133-0702X144.00                 0.6300                                  LF      0.0000                                  0          0.0000                                  0      0.0000                                  0.0000                                                   0.0000                                  0                                                                                                                                                                                                                                                                          0.0000                                  0.0000                                  0.0000                                  0.0000                                          1
.781LB                         NULL                           NULL                                           1.0000                                  EA      0.0000                                  0          0.0000                                  0      0.0000                                  0.0000                                                   0.0000                                  0                                                                                                                                                                                                                                                                          0.0000                                  0.0000                                  0.0000                                  0.0000                                          1
0.990LEGBLOCK                  EXA7075DABAC1503100893X144.0   EXA-7075DABAC1503-100893X144.0                 1.0000                                  LF      0.0000                                  2          0.0000                                  1      0.0000                                  0.0000                                                   0.0000                                  0                                                                                                                                                                                                                                                                          0.0000                                  0.0000                                  0.0000                                  0.0000                                          1
0.990LEGBLOCK                  NULL                           NULL                                           1.0000                                  EA      0.0000                                  1          0.0000                                  1      0.0000                                  0.0000                                                   0.0000                                  0                                                                                                                                                                                                                                                                          0.0000                                  0.0000                                  0.0000                                  0.0000                                          1
0002733677001                  PLA7050A02.500X04.000X004.75   PLA-7050A-02.500X04.000X004.75                 1.0000                                  EA      0.0000                                  0          0.0000                                  0      0.0000                                  0.0000                                                   0.0000                                  0                                                                                                                                                                                                                                                                          0.0000                                  0.0000                                  0.0000                                  0.0000                                          1
0002773550001                  PLA7050A01.250X01.500X005.50   PLA-7050A-01.250X01.500X005.50                 1.0000                                  EA      0.0000                                  0          0.0000                                  0      0.0000                                  0.0000                                                   0.0000                                  0                                                                                                                                                                                                                                                                          0.0000                                  0.0000                                  0.0000                                  0.0000                                          1
0002787873001                  PLA7050A03.500X04.000X005.00   PLA-7050A-03.500X04.000X005.00                 1.0000                                  EA      0.0000                                  0          0.0000                                  0      0.0000                                  0.0000                                                   0.0000                                  0                                                                                                                                                                                                                                                                          0.0000                                  0.0000                                  0.0000                                  0.0000                                          1
0002802790001                  PLA7050A01.000X01.750X003.75   PLA-7050A-01.000X01.750X003.75                 1.0000                                  EA      0.0000                                  0          0.0000                                  0      0.0000                                  0.0000                                                   0.0000                                  0                                                                                                                                                                                                                                                                          0.0000                                  0.0000                                  0.0000                                  0.0000                                          1
0002803719001                  EXA8020INC1530LITEX097.00      EXA-8020INC-1530LITEX097.00                    1.3430                                  LF      0.0000                                  0          0.0000                                  0      0.0000                                  0.0000                                                   0.0000                                  0                                                                                                                                                                                                                                                                          0.0000                                  0.0000                                  0.0000                                  0.0000                                          1
00039532001D                   SHA6061GE00.080X48.000X144SPX  SHA-6061GE00.080X48.000X144SPX                 0.1250                                  EA      0.0000                                  0          0.0000                                  0      0.0000                                  0.0000                                                   0.0000                                  0                                                                                                                                                                                                                                                                          0.0000                                  0.0000                                  0.0000                                  0.0000                                          1
00039532001DD                  SHA6061GE00.080X48.000X144.00  SHA-6061GE00.080X48.000X144.00                 0.0474                                  SQ      0.0000                                  10         0.0000                                  0      0.0000                                  0.0000                                                   0.0000                                  0                                                                                                                                                                                                                                                                          0.0000                                  0.0000                                  0.0156                                  0.0000                                          1
00058695001                    SHA1100WB00.032X48.000X144SPX  SHA-1100WB00.032X48.000X144SPX                 0.1250                                  SQ      0.0000                                  0          0.0000                                  0      0.0000                                  0.0000                                                   0.0000                                  0                                                                                                                                                                                                                                                                          0.0000                                  0.0000                                  0.0000                                  0.0000                                          1
00058695003                    SHA1100WB00.032X48.000X144SPX  SHA-1100WB00.032X48.000X144SPX                 0.1040                                  SQ      0.0000                                  0          0.0000                                  0      0.0000                                  0.0000                                                   0.0000                                  0                                                                                                                                                                                                                                                                          0.0000                                  0.0000                                  0.0000                                  0.0000                                          1
00058695005                    SHA1100WB00.032X48.000X144SPX  SHA-1100WB00.032X48.000X144SPX                 0.1000                                  SQ      0.0000                                  0          0.0000                                  0      0.0000                                  0.0000                                                   0.0000                                  0                                                                                                                                                                                                                                                                          0.0000                                  0.0000                                  0.0000                                  0.0000                                          1
00081819023D                   SHA7075NC00.080X48.000X144SPX  SHA-7075NC00.080X48.000X144SPX                 2.2800                                  SQ      0.0000                                  0          0.0000                                  0      0.0000                                  0.0000                                                   0.0000                                  0                                                                                                                                                                                                                                                                          0.0000                                  0.0000                                  0.0000                                  0.0000                                          1
00086220009E                   SHA7075NC00.080X48.000X144SPX  SHA-7075NC00.080X48.000X144SPX                 0.6060                                  SQ      0.0000                                  0          0.0000                                  0      0.0000                                  0.0000                                                   0.0000                                  0                                                                                                                                                                                                                                                                          0.0000                                  0.0000                                  0.0000                                  0.0000                                          1
00089937005                    SHA6061GE00.100X48.000X144SPX  SHA-6061GE00.100X48.000X144SPX                 0.0480                                  SQ      0.0000                                  0          0.0000                                  0      0.0000                                  0.0000                                                   0.0000                                  0                                                                                                                                                                                                                                                                          0.0000                                  0.0000                                  0.0000                                  0.0000                                          1
00116360001                    SHA7075NC00.100X48.000X144SPX  SHA-7075NC00.100X48.000X144SPX                 1.4625                                  SQ      0.0000                                  0          0.0000                                  0      0.0000                                  0.0000                                                   0.0000                                  0                                                                                                                                                                                                                                                                          0.0000                                  0.0000                                  0.0000                                  0.0000                                          1
00116360001                    SHSCRSBACKING.059X48.000X120   SHS-CRS-BACKING.059X48.000X120                 0.1810                                  SQ      0.0000                                  0          0.0000                                  0      0.0000                                  0.0000                                                   0.0000                                  0                                                                                                                                                                                                                                                                          0.0000                                  0.0000                                  0.0000                                  0.0000                                          1
00116360001+004AF              NULL                           NULL                                           1.0000                                  EA      0.0000                                  0          0.0000                                  0      0.0000                                  0.0000                                                   0.0000                                  0                                                                                                                                                                                                                                                                          0.0000                                  0.0000                                  0.0000                                  0.0000                                          1
00116360001AF                  NULL                           NULL                                           1.0000                                  EA      0.0000                                  0          0.0000                                  0      0.0000                                  0.0000                                                   0.0000                                  0                                                                                                                                                                                                                                                                          0.0000                                  0.0000                                  0.0000                                  0.0000                                          1
00116360002                    SHA7075NC00.100X48.000X144SPX  SHA-7075NC00.100X48.000X144SPX                 2.2222                                  SQ      0.0000                                  0          0.0000                                  0      0.0000                                  0.0000                                                   0.0000                                  0                                                                                                                                                                                                                                                                          0.0000                                  0.0000                                  0.0000                                  0.0000                                          1
00116360002                    SHSCRSBACKING.074X48.000X120   SHS-CRS-BACKING.074X48.000X120                 0.1040                                  SQ      0.0000                                  0          0.0000                                  0      0.0000                                  0.0000                                                   0.0000                                  0                                                                                                                                                                                                                                                                          0.0000                                  0.0000                                  0.0000                                  0.0000                                          1
00116360002FT                  SHA6061GE00.100X48.000X144.00  SHA-6061GE00.100X48.000X144.00                 1.1110                                  SQ      0.0000                                  0          0.0000                                  0      0.0000                                  0.0000                                                   0.0000                                  0                                                                                                                                                                                                                                                                          0.0000                                  0.0000                                  0.0000                                  0.0000                                          1
00116360002FT2                 SHA6061GE00.100X48.000X144.00  SHA-6061GE00.100X48.000X144.00                 1.1110                                  SQ      0.0000                                  0          0.0000                                  0      0.0000                                  0.0000                                                   0.0000                                  0                                                                                                                                                                                                                                                                          0.0000                                  0.0000                                  0.0000                                  0.0000                                          1
00116360003                    SHA7075NC00.100X48.000X144SPX  SHA-7075NC00.100X48.000X144SPX                 1.5556                                  SQ      0.0000                                  0          0.0000                                  0      0.0000                                  0.0000                                                   0.0000                                  0                                                                                                                                                                                                                                                                          0.0000                                  0.0000                                  0.0000                                  0.0000                                          1
00116360003FT                  SHA6061GE00.100X48.000X144.00  SHA-6061GE00.100X48.000X144.00                 0.5000                                  SQ      0.0000                                  0          0.0000                                  0      0.0000                                  0.0000                                                   0.0000                                  0                                                                                                                                                                                                                                                                          0.0000                                  0.0000                                  1.7612                                  0.0000                                          1
00116360004                    SHA7075NC00.100X48.000X144SPX  SHA-7075NC00.100X48.000X144SPX                 1.2000                                  SQ      0.0000                                  0          0.0000                                  0      0.0000                                  0.0000                                                   0.0000                                  0                                                                                                                                                                                                                                                                          0.0000                                  0.0000                                  0.0000                                  0.0000                                          1
00116360004FT                  NULL                           NULL                                           1.0000                                  EA      0.0000                                  0          0.0000                                  0      0.0000                                  0.0000                                                   0.0000                                  0                                                                                                                                                                                                                                                                          0.0000                                  0.0000                                  0.0000                                  0.0000                                          1
00116360006                    RBP8R06.500X00.000X144.00      RBP-8R06.500X00.000X144.00                     0.1050                                  LF      0.0000                                  0          0.0000                                  0      0.0000                                  0.0000                                                   0.0000                                  0                                                                                                                                                                                                                                                                          0.0000                                  0.0000                                  0.0000                                  0.0000                                          1
00116360007                    SHA7075NC00.100X48.000X144SPX  SHA-7075NC00.100X48.000X144SPX                 0.0750                                  SQ      0.0000                                  0          0.0000                                  0      0.0000                                  0.0000                                                   0.0000                                  0                                                                                                                                                                                                                                                                          0.0000                                  0.0000                                  0.0000                                  0.0000                                          1
00116360008                    SHA7075NC00.100X48.000X144SPX  SHA-7075NC00.100X48.000X144SPX                 0.0750                                  SQ      0.0000                                  0          0.0000                                  0      0.0000                                  0.0000                                                   0.0000                                  0                                                                                                                                                                                                                                                                          0.0000                                  0.0000                                  0.0000                                  0.0000                                          1
00116360501D                   00113371001                    00113371-001                                   1.0000                                  EA      0.0000                                  10         0.0000                                  0      0.0000                                  0.0000                                                   0.0000                                  0                                                                                                                                                                                                                                                                          0.0000                                  0.0000                                  0.0000                                  0.0000                                          1
00116360501D                   00116360001                    00116360-001                                   1.0000                                  EA      0.0000                                  10         0.0000                                  0      0.0000                                  0.0000                                                   0.0000                                  0                                                                                                                                                                                                                                                                          0.0000                                  0.0000                                  0.0000                                  0.0000                                          1
00116360501D                   00116360002                    00116360-002                                   1.0000                                  EA      0.0000                                  10         0.0000                                  0      0.0000                                  0.0000                                                   0.0000                                  0                                                                                                                                                                                                                                                                          0.0000                                  0.0000                                  0.0000                                  0.0000                                          1
00116360501D                   00116360003                    00116360-003                                   1.0000                                  EA      0.0000                                  10         0.0000                                  0      0.0000                                  0.0000                                                   0.0000                                  0                                                                                                                                                                                                                                                                          0.0000                                  0.0000                                  0.0000                                  0.0000                                          1
00116360501D                   00116360004                    00116360-004                                   1.0000                                  EA      0.0000                                  10         0.0000                                  0      0.0000                                  0.0000                                                   0.0000                                  0                                                                                                                                                                                                                                                                          0.0000                                  0.0000                                  0.0000                                  0.0000                                          1
00116360501D                   00116360006                    00116360-006                                   4.0000                                  EA      0.0000                                  10         0.0000                                  0      0.0000                                  0.0000                                                   0.0000                                  0                                                                                                                                                                                                                                                                          0.0000                                  0.0000                                  0.0000                                  0.0000                                          1
00116360501D                   00116360007                    00116360-007                                   1.0000                                  EA      0.0000                                  10         0.0000                                  0      0.0000                                  0.0000                                                   0.0000                                  0                                                                                                                                                                                                                                                                          0.0000                                  0.0000                                  0.0000                                  0.0000                                          1
00116360501D                   00116360008                    00116360-008                                   1.0000                                  EA      0.0000                                  10         0.0000                                  0      0.0000                                  0.0000                                                   0.0000                                  0                                                                                                                                                                                                                                                                          0.0000                                  0.0000                                  0.0000                                  0.0000                                          1
00116360501D                   AEROGLAZE9700                  AEROGLAZE 9700                                 0.0100                                  QT      0.0000                                  10         0.0000                                  0      0.0000                                  0.0000                                                   0.0000                                  0                                                                                                                                                                                                                                                                          0.0000                                  0.0000                                  0.0000                                  0.0000                                          1
00116360501D                   AEROGLAZE9743A                 AEROGLAZE 9743A                                0.0100                                  GA      0.0000                                  10         0.0000                                  0      0.0000                                  0.0000                                                   0.0000                                  0                                                                                                                                                                                                                                                                          0.0000                                  0.0000                                  0.0000                                  0.0000                                          1
00116360501D                   MS20426AD35                    MS20426AD3-5                                   32.0000                                 EA      0.0000                                  10         0.0000                                  0      0.0000                                  0.0000                                                   0.0000                                  0                                                                                                                                                                                                                                                                          0.0000                                  0.0000                                  0.0000                                  0.0000                                          1
00116360501D                   MS20426AD46                    MS20426AD4-6                                   1.0000                                  EA      0.0000                                  0          0.0000                                  0      0.0000                                  0.0000                                                   0.0000                                  0                                                                                                                                                                                                                                                                          0.0000                                  0.0000                                  0.0000                                  0.0000                                          1
00116360501D                   MS20470AD46                    MS20470AD4-6                                   39.0000                                 EA      0.0000                                  10         0.0000                                  0      0.0000                                  0.0000                                                   0.0000                                  0                                                                                                                                                                                                                                                                          0.0000                                  0.0000                                  0.0000                                  0.0000                                          1
00116360501D                   MS21076L08E                    MS21076L08E                                    16.0000                                 EA      0.0000                                  10         0.0000                                  0      0.0000                                  0.0000                                                   0.0000                                  0                                                                                                                                                                                                                                                                          0.0000                                  0.0000                                  0.0000                                  0.0000                                          1
00116360501D                   NAS9301B404                    NAS9301B-4-04                                  49.0000                                 EA      0.0000                                  10         0.0000                                  0      0.0000                                  0.0000                                                   0.0000                                  0                                                                                                                                                                                                                                                                          0.0000                                  0.0000                                  0.0000                                  0.0000                                          1
00116360501D                   NAS9301B45                     NAS9301B-4-5                                   4.0000                                  EA      0.0000                                  10         0.0000                                  0      0.0000                                  0.0000                                                   0.0000                                  0                                                                                                                                                                                                                                                                          0.0000                                  0.0000                                  0.0000                                  0.0000                                          1
00116360501DDJ                 NULL                           NULL                                           1.0000                                  EA      0.0000                                  10         0.0000                                  0      0.0000                                  0.0000                                                   0.0000                                  0                                                                                                                                                                                                                                                                          0.0000                                  0.0000                                  0.0000                                  0.0000                                          1
00116360501E                   00113371001                    00113371-001                                   1.0000                                  EA      0.0000                                  10         0.0000                                  0      0.0000                                  0.0000                                                   0.0000                                  0                                                                                                                                                                                                                                                                          0.0000                                  0.0000                                  0.0000                                  0.0000                                          1
00116360501E                   00116360001                    00116360-001                                   1.0000                                  EA      0.0000                                  10         0.0000                                  0      0.0000                                  0.0000                                                   0.0000                                  0                                                                                                                                                                                                                                                                          0.0000                                  0.0000                                  0.0000                                  0.0000                                          1
00116360501E                   00116360002                    00116360-002                                   1.0000                                  EA      0.0000                                  10         0.0000                                  0      0.0000                                  0.0000                                                   0.0000                                  0                                                                                                                                                                                                                                                                          0.0000                                  0.0000                                  0.0000                                  0.0000                                          1
00116360501E                   00116360003                    00116360-003                                   1.0000                                  EA      0.0000                                  10         0.0000                                  0      0.0000                                  0.0000                                                   0.0000                                  0                                                                                                                                                                                                                                                                          0.0000                                  0.0000                                  0.0000                                  0.0000                                          1
00116360501E                   00116360004                    00116360-004                                   1.0000                                  EA      0.0000                                  10         0.0000                                  0      0.0000                                  0.0000                                                   0.0000                                  0                                                                                                                                                                                                                                                                          0.0000                                  0.0000                                  0.0000                                  0.0000                                          1
00116360501E                   00116360006                    00116360-006                                   4.0000                                  EA      0.0000                                  10         0.0000                                  0      0.0000                                  0.0000                                                   0.0000                                  0                                                                                                                                                                                                                                                                          0.0000                                  0.0000                                  0.0000                                  0.0000                                          1
00116360501E                   00116360007                    00116360-007                                   1.0000                                  EA      0.0000                                  10         0.0000                                  0      0.0000                                  0.0000                                                   0.0000                                  0                                                                                                                                                                                                                                                                          0.0000                                  0.0000                                  0.0000                                  0.0000                                          1
00116360501E                   00116360008                    00116360-008                                   1.0000                                  EA      0.0000                                  10         0.0000                                  0      0.0000                                  0.0000                                                   0.0000                                  0                                                                                                                                                                                                                                                                          0.0000                                  0.0000                                  0.0000                                  0.0000                                          1
00116360501E                   AEROGLAZE9743A.9700B           AEROGLAZE 9743A.9700B                          0.0010                                  EA      0.0000                                  0          0.0000                                  0      0.0000                                  0.0000                                                   0.0000                                  0                                                                                                                                                                                                                                                                          0.0000                                  0.0000                                  0.0000                                  0.0000                                          1
00116360501E                   MS20426AD35                    MS20426AD3-5                                   32.0000                                 EA      0.0000                                  10         0.0000                                  0      0.0000                                  0.0000                                                   0.0000                                  0                                                                                                                                                                                                                                                                          0.0000                                  0.0000                                  0.0000                                  0.0000                                          1
00116360501E                   MS20426AD46                    MS20426AD4-6                                   1.0000                                  EA      0.0000                                  0          0.0000                                  0      0.0000                                  0.0000                                                   0.0000                                  0                                                                                                                                                                                                                                                                          0.0000                                  0.0000                                  0.0000                                  0.0000                                          1
00116360501E                   MS20470AD46                    MS20470AD4-6                                   39.0000                                 EA      0.0000                                  10         0.0000                                  0      0.0000                                  0.0000                                                   0.0000                                  0                                                                                                                                                                                                                                                                          0.0000                                  0.0000                                  0.0000                                  0.0000                                          1
00116360501E                   MS21076L08E                    MS21076L08E                                    16.0000                                 EA      0.0000                                  10         0.0000                                  0      0.0000                                  0.0000                                                   0.0000                                  0                                                                                                                                                                                                                                                                          0.0000                                  0.0000                                  0.0000                                  0.0000                                          1
00116360501E                   NAS9301B404                    NAS9301B-4-04                                  49.0000                                 EA      0.0000                                  10         0.0000                                  0      0.0000                                  0.0000                                                   0.0000                                  0                                                                                                                                                                                                                                                                          0.0000                                  0.0000                                  0.0000                                  0.0000                                          1
00116360501E                   NAS9301B45                     NAS9301B-4-5                                   4.0000                                  EA      0.0000                                  10         0.0000                                  0      0.0000                                  0.0000                                                   0.0000                                  0                                                                                                                                                                                                                                                                          0.0000                                  0.0000                                  0.0000                                  0.0000                                          1
00121375003                    SHA7075NC00.080X48.000X144SPX  SHA-7075NC00.080X48.000X144SPX                 0.8000                                  SQ      0.0000                                  0          0.0000                                  0      0.0000                                  0.0000                                                   0.0000                                  0                                                                                                                                                                                                                                                                          0.0000                                  0.0000                                  0.0000                                  0.0000                                          1
00193860001                    PLA7050A02.500X03.000X015SPX   PLA-7050A-02.500X03.000X015SPX                 1.0000                                  EA      0.0000                                  0          0.0000                                  0      0.0000                                  0.0000                                                   0.0000                                  0                                                                                                                                                                                                                                                                          0.0000                                  0.0000                                  0.0000                                  0.0000                                          1
00193860001DJ                  NULL                           NULL                                           1.0000                                  EA      0.0000                                  0          0.0000                                  0      0.0000                                  0.0000                                                   0.0000                                  0                                                                                                                                                                                                                                                                          0.0000                                  0.0000                                  0.0000                                  0.0000                                          1
00193860501                    00089937005                    00089937-005                                   2.0000                                  EA      0.0000                                  2          0.0000                                  0      0.0000                                  0.0000                                                   0.0000                                  0                                                                                                                                                                                                                                                                          0.0000                                  0.0000                                  0.0000                                  0.0000                                          1
00193860501                    00193860001                    00193860-001                                   1.0000                                  EA      0.0000                                  3          0.0000                                  0      0.0000                                  0.0000                                                   0.0000                                  0                                                                                                                                                                                                                                                                          0.0000                                  0.0000                                  0.0000                                  0.0000                                          1
00193860501                    MS20470AD46                    MS20470AD4-6                                   4.0000                                  EA      0.0000                                  0          0.0000                                  0      0.0000                                  0.0000                                                   0.0000                                  0                                                                                                                                                                                                                                                                          0.0000                                  0.0000                                  0.0000                                  0.0000                                          1
00193860501                    MS51830201                     MS51830-201                                    4.0000                                  EA      0.0000                                  1          0.0000                                  0      0.0000                                  0.0000                                                   0.0000                                  0                                                                                                                                                                                                                                                                          0.0000                                  0.0000                                  0.0000                                  0.0000                                          1
00196693015                    SHA7075NC00.090X48.000X080SPX  SHA-7075NC00.090X48.000X080SPX                 4.1670                                  SQ      0.0000                                  0          0.0000                                  0      0.0000                                  0.0000                                                   0.0000                                  0                                                                                                                                                                                                                                                                          0.0000                                  0.0000                                  0.0000                                  0.0000                                          1
00196693015FD1.0               SHA7075NC00.090X48.000X144.00  SHA-7075NC00.090X48.000X144.00                 4.5500                                  SQ      0.0000                                  0          0.0000                                  0      0.0000                                  0.0000                                                   0.0000                                  0                                                                                                                                                                                                                                                                          0.0000                                  0.0000                                  0.0000                                  0.0000                                          1
00196693015FD1.5               NULL                           NULL                                           1.0000                                  EA      0.0000                                  0          0.0000                                  0      0.0000                                  0.0000                                                   0.0000                                  0                                                                                                                                                                                                                                                                          0.0000                                  0.0000                                  0.0000                                  0.0000                                          1
00196693015FD2.0               NULL                           NULL                                           1.0000                                  EA      0.0000                                  0          0.0000                                  0      0.0000                                  0.0000                                                   0.0000                                  0                                                                                                                                                                                                                                                                          0.0000                                  0.0000                                  0.0000                                  0.0000                                          1
00299908001                    SHC3012N00.032X36.000X120SPX   SHC-3012N00.032X36.000X120SPX                  0.0813                                  EA      0.0000                                  0          0.0000                                  0      0.0000                                  0.0000                                                   0.0000                                  0                                                                                                                                                                                                                                                                          0.0000                                  0.0000                                  0.0000                                  0.0000                                          1
00299908001BT                  SHC3012N00.032X36.000X120.00   SHC-3012N00.032X36.000X120.00                  0.0260                                  SQ      0.0000                                  0          0.0000                                  0      0.0000                                  0.0000                                                   0.0000                                  0                                                                                                                                                                                                                                                                          0.0000                                  0.0000                                  0.0000                                  0.0000                                          1
00299908501                    00299908001                    00299908-001                                   1.0000                                  EA      0.0000                                  10         0.0000                                  0      0.0000                                  0.0000                                                   0.0000                                  0                                                                                                                                                                                                                                                                          0.0000                                  0.0000                                  0.0000                                  0.0000                                          1
00299908501                    00300283001                    00300283-001                                   1.0000                                  EA      0.0000                                  10         0.0000                                  0      0.0000                                  0.0000                                                   0.0000                                  0                                                                                                                                                                                                                                                                          0.0000                                  0.0000                                  0.0000                                  0.0000                                          1
003116360004                   SHA7075NC00.100X48.000X144.00  SHA-7075NC00.100X48.000X144.00                 0.8134                                  SQ      0.0000                                  10         0.0000                                  0      0.0000                                  0.0000                                                   0.0000                                  0                                                                                                                                                                                                                                                                          0.0000                                  0.0000                                  0.0000                                  0.0000                                          1
00334001001                    SHA7075NV00.080X48.000X144SPX  SHA-7075NV00.080X48.000X144SPX                 0.8580                                  SQ      0.0000                                  0          0.0000                                  0      0.0000                                  0.0000                                                   0.0000                                  0                                                                                                                                                                                                                                                                          0.0000                                  0.0000                                  0.0000                                  0.0000                                          1
00400255001                    SHA6061GN00.125X48.000X144SPX  SHA-6061GN00.125X48.000X144SPX                 0.7333                                  SQ      0.0000                                  0          0.0000                                  0      0.0000                                  0.0000                                                   0.0000                                  0                                                                                                                                                                                                                                                                          0.0000                                  0.0000                                  0.0000                                  0.0000                                          1
00563472001                    SHA6061NM00.125X48.000X144.00  SHA-6061NM00.125X48.000X144.00                 0.8000                                  SQ      0.0000                                  0          0.0000                                  0      0.0000                                  0.0000                                                   0.0000                                  0                                                                                                                                                                                                                                                                          0.0000                                  0.0000                                  0.0000                                  0.0000                                          1
00563472001M10                 SHA6061NM00.125X48.000X144SPX  SHA-6061NM00.125X48.000X144SPX                 0.8000                                  EA      0.0000                                  0          0.0000                                  0      0.0000                                  0.0000                                                   0.0000                                  0                                                                                                                                                                                                                                                                          0.0000                                  0.0000                                  0.0000                                  0.0000                                          4
00571644001B                   SHA7075NC00.080X48.000X144SPX  SHA-7075NC00.080X48.000X144SPX                 1.0476                                  SQ      0.0000                                  0          0.0000                                  0      0.0000                                  0.0000                                                   0.0000                                  0                                                                                                                                                                                                                                                                          0.0000                                  0.0000                                  0.0000                                  0.0000                                          1
00664902001                    SHA6061GN00.100X48.000X144SPX  SHA-6061GN00.100X48.000X144SPX                 8.0000                                  EA      0.0000                                  0          0.0000                                  0      0.0000                                  0.0000                                                   0.0000                                  0                                                                                                                                                                                                                                                                          0.0000                                  0.0000                                  0.0000                                  0.0000                                          1
00664902001                    SHSCRSBACKING.059X48.000X120   SHS-CRS-BACKING.059X48.000X120                 0.8390                                  SQ      0.0000                                  0          0.0000                                  0      0.0000                                  0.0000                                                   0.0000                                  0                                                                                                                                                                                                                                                                          0.0000                                  0.0000                                  0.0000                                  0.0000                                          1
00664902002                    SHA6061GN00.100X48.000X144SPX  SHA-6061GN00.100X48.000X144SPX                 0.8000                                  EA      0.0000                                  0          0.0000                                  0      0.0000                                  0.0000                                                   0.0000                                  0                                                                                                                                                                                                                                                                          0.0000                                  0.0000                                  0.0000                                  0.0000                                          1
00664902002                    SHSCRSBACKING.047X48.000X120   SHS-CRS-BACKING.047X48.000X120                 0.3160                                  SQ      0.0000                                  0          0.0000                                  0      0.0000                                  0.0000                                                   0.0000                                  0                                                                                                                                                                                                                                                                          0.0000                                  0.0000                                  0.0000                                  0.0000                                          1
00664902011                    SHA6061GN00.100X48.000X144SPX  SHA-6061GN00.100X48.000X144SPX                 8.0000                                  EA      0.0000                                  0          0.0000                                  0      0.0000                                  0.0000                                                   0.0000                                  0                                                                                                                                                                                                                                                                          0.0000                                  0.0000                                  0.0000                                  0.0000                                          1
00664902011                    SHSCRSBACKING.059X48.000X120   SHS-CRS-BACKING.059X48.000X120                 0.7640                                  SQ      0.0000                                  0          0.0000                                  0      0.0000                                  0.0000                                                   0.0000                                  0                                                                                                                                                                                                                                                                          0.0000                                  0.0000                                  0.0000                                  0.0000                                          1
00664902012                    SHA6061GN00.100X48.000X144SPX  SHA-6061GN00.100X48.000X144SPX                 8.0000                                  EA      0.0000                                  0          0.0000                                  0      0.0000                                  0.0000                                                   0.0000                                  0                                                                                                                                                                                                                                                                          0.0000                                  0.0000                                  0.0000                                  0.0000                                          1
00664902012                    SHSCRSBACKING.059X48.000X120   SHS-CRS-BACKING.059X48.000X120                 0.7640                                  SQ      0.0000                                  0          0.0000                                  0      0.0000                                  0.0000                                                   0.0000                                  0                                                                                                                                                                                                                                                                          0.0000                                  0.0000                                  0.0000                                  0.0000                                          1
007D27083                      SHA2024LA00.040X48.000X144.00  SHA-2024LA00.040X48.000X144.00                 0.0200                                  SQ      0.0000                                  1          0.0000                                  1      0.0000                                  0.0000                                                   0.0000                                  0                                                                                                                                                                                                                                                                          0.0000                                  0.0000                                  0.0000                                  0.0000                                          1
007D41143                      007D41143IMA1                  007D4114-3 IMA1                                1.0000                                  EA      0.0000                                  1          0.0000                                  1      0.0000                                  0.0000                                                   0.0000                                  0                                                                                                                                                                                                                                                                          0.0000                                  0.0000                                  0.0000                                  0.0000                                          1
007D41143IMA1                  SHA2024LA00.063X48.000X144.00  SHA-2024LA00.063X48.000X144.00                 0.1200                                  SQ      0.0000                                  1          0.0000                                  1      0.0000                                  0.0000                                                   0.0000                                  0                                                                                                                                                                                                                                                                          0.0000                                  0.0000                                  0.0000                                  0.0000                                          1
007D41144                      007D41144IMA1                  007D4114-4 IMA1                                1.0000                                  EA      0.0000                                  1          0.0000                                  1      0.0000                                  0.0000                                                   0.0000                                  0                                                                                                                                                                                                                                                                          0.0000                                  0.0000                                  0.0000                                  0.0000                                          1
007D41144IMA1                  SHA2024LA00.063X48.000X144.00  SHA-2024LA00.063X48.000X144.00                 0.1250                                  SQ      0.0000                                  1          0.0000                                  1      0.0000                                  0.0000                                                   0.0000                                  0                                                                                                                                                                                                                                                                          0.0000                                  0.0000                                  1.4415                                  0.0000                                          1

(100 rows affected)


Completion time: 2021-12-29T19:02:45.7729620-08:00
