DLSREF                         DLSREV DLSTYPE DLSDOCREF                      DLSDOCREV DLSDOCSHEET DLSDOCCLASS
------------------------------ ------ ------- ------------------------------ --------- ----------- ----------------
116U4150903HBOM                       2       OM                             NEW                   NONE            
75116421701                           1       75116421701SPECO               5                     SPECO           
146W0264501                           1       146W0264DL                     A                     PSDL            
272T946113                            1       272T946113SSP                  A                     SSP             
272T946113                            1       272T946113PL                   A                     PL              
272T946113                            1       272T9461SHT13                  NEW                   DWG             
272T946113                            1       MY005HPL                       H                     PL              
284A393120IMA1                        1       284A3931DL                     A                     PSDL            
140T21021749A                         2       BAC5602COM                     AH                    NONE            
140T21021749A                         2       BAC5946                        AB                    NONE            
446W1670114BOL                        1       446W1670DL                     NEW                   PSDL            
446W1670114BOL                        1       446W1670114BPL                 B                     PL              
446W1670114BOL                        1       446W1670SHT96                  A                     DWG             
449W1310849BF                         2       F17.31                         NEW                   NONE            
449W1310849BF                         2       F20.02                         NEW                   NONE            
449W1310849BF                         2       F22.06XX                       NEW                   NONE            
ORIFICEPREFORM4.784.81                1       217A2545DL                     NEW                   PSDL            
ORIFICEPREFORM4.784.81                1       217A2545SHT2                   B                     DWG             
477W190221F                           2       F20.02                         NEW                   NONE            
477W190221F                           2       F17.26                         NEW                   NONE            
ORIFICEPREFORM4.784.81                1       217A2545100PL                  A                     PL              
214U6104315                           1       214U6104DL                     NEW                   PSDL            
9658314                               1       20072601418SPECO               06                    SPECO           
9658314                               1       965831SHT1                     E                     DWG             
9658314                               1       9658314HB                      NEW                   TOOL            
9658314                               1       ITARCONTROLLED                 NEW                   NONE            
343A26011W                            2       BAC5423                        Y                     NONE            
453W01155A                            2       BAC5602COM                     AH                    NONE            
BAC5626IB                             2       BAC5626IB                      NEW                   NONE            
F17.04+F20.02                         2       F17.04                         NEW                   NONE            
0.990LEGBLOCK                         1       111A1301SHT6                   A                     DWG             
0.990LEGBLOCK                         1       111A1301DL                     C                     PSDL            
0.990LEGBLOCK                         1       111A1301U10SSP                 B                     SSP             
0.990LEGBLOCK                         1       111A1301PL                     C                     PL              
0.990LEGBLOCK                         1       BAC1503100893                  ORG                   NONE            
007D27083                             1       007D2708SHT1                   NEW                   DWG             
775345375                             1       77534537PL                     A                     PL              
DAF3119D201009                        1       AND10138                       2                     NONE            
007D41143                             1       007D4114SHT1                   B                     DWG             
7753453323H                           2       BAC5619COM                     NEW                   NONE            
416W4046403F                          2       BAC5423                        Y                     NONE            
146T1035973                           1       146T103573FD                   NEW                   TOOL            
007D41143IMA1                         1       007D4114SHT1                   B                     DWG             
007D41143IMA1F                        2       MILPRF8558212A                 NEW                   NONE            
007D41143IMA1F                        2       MILC55411A                     NEW                   NONE            
ORIFICEPREFORM4.784.81                1       217A254597PL                   A                     PL              
007D41144                             1       007D4114SHT1                   B                     DWG             
007D41144F                            2       MILPRF8558212A                 NEW                   NONE            
007D41144F                            2       MILC55411A                     NEW                   NONE            
ORIFICEPREFORM4.784.81                1       217A254598PL                   A                     PL              
007D41144IMA1                         1       007D4114SHT1                   B                     DWG             
007D420417                            1       007D4204SHT13                  C                     DWG             
ORIFICEPREFORM4.784.81                1       CUSTOMERSOURCEREQUIRED         NEW                   NONE            
007D420417F                           2       MILPRF8558212A                 NEW                   NONE            
007D420417F                           2       MILPRF852851HA                 NEW                   NONE            
007D420417F                           2       MILC55411A                     NEW                   NONE            
007D420417IMA1                        1       007D4204SHT13                  C                     DWG             
007D42047                             1       007D4204SHT13                  C                     DWG             
ORIFICEPREFORM4.784.81                1       ITARCONTROLLED                 NEW                   NONE            
007D42047F                            2       MILC55411A                     NEW                   NONE            
007D42047F                            2       MILPRF852851HA                 NEW                   NONE            
007D42047F                            2       MILPRF8558212A                 NEW                   NONE            
007D42047IMA1                         1       007D4204SHT13                  C                     DWG             
218W66261                             1       218W66261SSP                   A                     SSP             
7311140145IMA1                        1       7311140143SHT1                 C                     DWG             
007D421511F                           2       BMS1083II                      NEW                   NONE            
ORIFICEPREFORM4.784.81                1       MX211FPL                       L                     PL              
007D421511F                           2       MILC55411A                     NEW                   NONE            
007D421511F                           2       BMS1011I                       NEW                   NONE            
146T10339276                          1       MP524XPL                       H                     MPL             
287W521262OL                          1       287W5212DL                     F                     PSDL            
287W521262OL                          1       287W5212SHT14                  B                     DWG             
287W521262OL                          1       287W521246PL                   A                     PL              
287W521262OL                          1       287W521262MED                  NEW                   MED             
ORIFICEPREFORM4.784.81                1       N0000544PL                     F                     PL              
69B529361                             1       69B52936SHT1                   D                     DWG             
69B529361                             1       69B52936DL                     NEW                   PSDL            
69B529361                             1       69B52936PL                     NEW                   PL              
143T5004747                           1       143T5004DL                     NEW                   PSDL            
143T5004747                           1       143T5004SHT45                  NEW                   DWG             
143T5004747                           1       143T5004747PL                  A                     PL              
143T5004747                           1       143T5004747SSP                 A                     SSP             
143T5004747                           1       MP524XPL                       H                     MPL             
775345381                             1       77534538PL                     F                     PL              
775345381                             1       77534538SHT1                   NEW                   DWG             
775345381                             1       775345381IMAG                  NEW                   IMAG            
775345381                             1       ITARCONTROLLED                 NEW                   NONE            
D150A04009427                         1       D150A04009SHT1                 B                     DWG             
411A90095                             1       411A9009SHT5                   A                     DWG             
140T21024092                          1       140T2102DL                     NEW                   PSDL            
140T21024092                          1       140T2102SHT489                 NEW                   DWG             
140T21024092                          1       140T21024092SSP                A                     SSP             
60P5797560S001F                       2       FC213PS                                              NONE            
141U006018F                           2       F17.07                         NEW                   NONE            
73733819OM                            2       OUTPLANTMACHINE                NEW                   NONE            
140T21024092                          1       140T21024092PL                 A                     PL              
287T0020373F                          2       F18.13                         NEW                   NONE            
007D46041                             1       007D4604SHT13                  NEW                   DWG             
96FS67914723F                         2       FSIPS40211                     NEW                   NONE            
845T31097IMA1H                        2       HTBAC5602                      NEW                   NONE            

(100 rows affected)


Completion time: 2021-12-29T19:08:35.8321055-08:00
